<html>
<body>
<pre>
<h1>µVision Build Log</h1>
<h2>Tool Versions:</h2>
IDE-Version: µVision V5.38.0.0
Copyright (C) 2022 ARM Ltd and ARM Germany GmbH. All rights reserved.
License Information: Mocanu Razvan, no company, LIC=----
 
Tool Versions:
Toolchain:       MDK-Lite  Version: 5.38.0.0
Toolchain Path:  C:\Keil_v5\ARM\ARMCLANG\Bin
C Compiler:      ArmClang.exe V6.19
Assembler:       Armasm.exe V6.19
Linker/Locator:  ArmLink.exe V6.19
Library Manager: ArmAr.exe V6.19
Hex Converter:   FromElf.exe V6.19
CPU DLL:         SARMCM3.DLL V5.38.0.0
Dialog DLL:      DARMCM1.DLL V1.19.6.0
Target DLL:      CMSIS_AGDI.dll V1.33.15.0
Dialog DLL:      TARMCM1.DLL V1.14.6.0
 
<h2>Project:</h2>
D:\anul 4\micro\proiect\proiect_micro_FRDM_KL25Z128\src\uart.uvprojx
Project File Date:  12/26/2023

<h2>Output:</h2>
*** Using Compiler 'V6.19', folder: 'C:\Keil_v5\ARM\ARMCLANG\Bin'
Rebuild target 'Target 1'
Pwm.c(3): warning: // comments are not allowed in this language [-Wcomment]
#define SERVO_PIN (1) // PORT A , PIN 1
                      ^
1 warning generated.
compiling Pwm.c...
gpio.c(1): warning: In file included from...
./gpio.h(4): warning: no newline at end of file [-Wnewline-eof]
void Control_RGB_LEDs(uint8_t red, uint8_t green, uint8_t blue);
                                                                ^
gpio.c(2): warning: In file included from...
./uart.h(3): warning: // comments are not allowed in this language [-Wcomment]
void UART0_Transmit(uint8_t data); // Functie folostia pentru a trimite un octet catre interfata UART
                                   ^
./uart.h(7): warning: no newline at end of file [-Wnewline-eof]
void UART0_Init(uint32_t baud_rate);
                                    ^
gpio.c(5): warning: // comments are not allowed in this language [-Wcomment]
#define RED_LED_PIN (18) // PORT B
                         ^
4 warnings generated.
compiling gpio.c...
adc.c(1): warning: In file included from...
./adc.h(9): warning: no newline at end of file [-Wnewline-eof]
extern uint8_t analog_input;
                            ^
adc.c(3): warning: // comments are not allowed in this language [-Wcomment]
#define ADC_CHANNEL (11) // PORT C PIN 1
                         ^
adc.c(71): warning: mixing declarations and code is a C99 extension [-Wdeclaration-after-statement]
        uint16_t calibration_var = 0x0000;
                 ^
3 warnings generated.
compiling adc.c...
uart.c(1): warning: In file included from...
./uart.h(3): warning: // comments are not allowed in this language [-Wcomment]
void UART0_Transmit(uint8_t data); // Functie folostia pentru a trimite un octet catre interfata UART
                                   ^
./uart.h(7): warning: no newline at end of file [-Wnewline-eof]
void UART0_Init(uint32_t baud_rate);
                                    ^
uart.c(7): warning: // comments are not allowed in this language [-Wcomment]
        //Punem in asteptare pana cand registrul de transmisie a datelor nu este gol
        ^
uart.c(8): warning: while loop has empty body [-Wempty-body]
        while(!(UART0->S1 & UART0_S1_TDRE_MASK));
                                                ^
uart.c(8): note: put the semicolon on a separate line to silence this warning
uart.c(16): warning: while loop has empty body [-Wempty-body]
        while(!(UART0->S1 & UART0_S1_RDRF_MASK));
                                                ^
uart.c(16): note: put the semicolon on a separate line to silence this warning
uart.c(46): warning: mixing declarations and code is a C99 extension [-Wdeclaration-after-statement]
        uint32_t osr = 15; // Over-Sampling Rate (numarul de esantioane luate per bit-time)
                 ^
uart.c(96): warning: no newline at end of file [-Wnewline-eof]
}
 ^
uart.c(3): warning: no previous extern declaration for non-static variable 'c' [-Wmissing-variable-declarations]
char c;
     ^
uart.c(3): note: declare 'static' if the variable is not intended to be used outside of this translation unit
char c;
^
8 warnings generated.
compiling uart.c...
ClockSettings.c(19): warning: // comments are not allowed in this language [-Wcomment]
        // MCGOUTCLOCK are ca si iesire, selectia FLL
        ^
ClockSettings.c(3): warning: no previous extern declaration for non-static variable 'base_tick' [-Wmissing-variable-declarations]
uint16_t base_tick;
         ^
ClockSettings.c(3): note: declare 'static' if the variable is not intended to be used outside of this translation unit
uint16_t base_tick;
^
ClockSettings.c(4): warning: no previous extern declaration for non-static variable 'tick_50ms' [-Wmissing-variable-declarations]
uint16_t tick_50ms;
         ^
ClockSettings.c(4): note: declare 'static' if the variable is not intended to be used outside of this translation unit
uint16_t tick_50ms;
^
ClockSettings.c(5): warning: no previous extern declaration for non-static variable 'tick_100ms' [-Wmissing-variable-declarations]
uint16_t tick_100ms;
         ^
ClockSettings.c(5): note: declare 'static' if the variable is not intended to be used outside of this translation unit
uint16_t tick_100ms;
^
ClockSettings.c(6): warning: no previous extern declaration for non-static variable 'tick_500ms' [-Wmissing-variable-declarations]
uint16_t tick_500ms;
         ^
ClockSettings.c(6): note: declare 'static' if the variable is not intended to be used outside of this translation unit
uint16_t tick_500ms;
^
ClockSettings.c(7): warning: no previous extern declaration for non-static variable 'tick_1s' [-Wmissing-variable-declarations]
uint16_t tick_1s;
         ^
ClockSettings.c(7): note: declare 'static' if the variable is not intended to be used outside of this translation unit
uint16_t tick_1s;
^
6 warnings generated.
compiling ClockSettings.c...
Pit.c(1): warning: In file included from...
./Pit.h(3): warning: // comments are not allowed in this language [-Wcomment]
void PIT_Init(void); // Functie de initializarea a modulului periferic
                     ^
./Pit.h(4): warning: no newline at end of file [-Wnewline-eof]
void PIT_IRQHandler(void); // Functia de tratarea a intreruperilor pentru perifericul PIT
                                                                                         ^
Pit.c(2): warning: In file included from...
./gpio.h(4): warning: no newline at end of file [-Wnewline-eof]
void Control_RGB_LEDs(uint8_t red, uint8_t green, uint8_t blue);
                                                                ^
Pit.c(4): warning: no previous extern declaration for non-static variable 'ledState' [-Wmissing-variable-declarations]
uint8_t ledState = 0;
        ^
Pit.c(4): note: declare 'static' if the variable is not intended to be used outside of this translation unit
uint8_t ledState = 0;
^
Pit.c(7): warning: // comments are not allowed in this language [-Wcomment]
        // Activarea semnalului de ceas pentru perifericul PIT
        ^
Pit.c(69): warning: no newline at end of file [-Wnewline-eof]
}
 ^
6 warnings generated.
compiling Pit.c...
main.c(3): warning: In file included from...
./Pit.h(3): warning: // comments are not allowed in this language [-Wcomment]
void PIT_Init(void); // Functie de initializarea a modulului periferic
                     ^
./Pit.h(4): warning: no newline at end of file [-Wnewline-eof]
void PIT_IRQHandler(void); // Functia de tratarea a intreruperilor pentru perifericul PIT
                                                                                         ^
main.c(4): warning: In file included from...
./adc.h(9): warning: no newline at end of file [-Wnewline-eof]
extern uint8_t analog_input;
                            ^
main.c(5): warning: In file included from...
./gpio.h(4): warning: no newline at end of file [-Wnewline-eof]
void Control_RGB_LEDs(uint8_t red, uint8_t green, uint8_t blue);
                                                                ^
main.c(6): warning: In file included from...
./uart.h(3): warning: // comments are not allowed in this language [-Wcomment]
void UART0_Transmit(uint8_t data); // Functie folostia pentru a trimite un octet catre interfata UART
                                   ^
./uart.h(7): warning: no newline at end of file [-Wnewline-eof]
void UART0_Init(uint32_t baud_rate);
                                    ^
main.c(28): warning: // comments are not allowed in this language [-Wcomment]
                                // Afiseaza valoarea obtinuta
                                ^
7 warnings generated.
compiling main.c...
assembling startup_MKL25Z4.s...
compiling system_MKL25Z4.c...
linking...
Program Size: Code=3480 RO-data=212 RW-data=0 ZI-data=376  
".\Objects\uart.axf" - 0 Error(s), 35 Warning(s).

<h2>Software Packages used:</h2>

Package Vendor: ARM
                http://www.keil.com/pack/ARM.CMSIS.5.9.0.pack
                ARM.CMSIS.5.9.0
                CMSIS (Common Microcontroller Software Interface Standard)
   * Component: CORE Version: 5.6.0

Package Vendor: Keil
                https://www.keil.com/pack/Keil.Kinetis_KLxx_DFP.1.15.1.pack
                Keil.Kinetis_KLxx_DFP.1.15.1
                NXP Kinetis KLxx Series Device Support and Examples
   * Component: Startup Version: 2.5.0

<h2>Collection of Component include folders:</h2>
  ./RTE/Device/MKL25Z128xxx4
  ./RTE/_Target_1
  C:/Users/danda/AppData/Local/Arm/Packs/ARM/CMSIS/5.9.0/CMSIS/Core/Include
  C:/Users/danda/AppData/Local/Arm/Packs/Keil/Kinetis_KLxx_DFP/1.15.1/Device/Include

<h2>Collection of Component Files used:</h2>

   * Component: ARM::CMSIS:CORE:5.6.0

   * Component: Keil::Device:Startup:2.5.0
      Source file:   Device/Source/ARM/startup_MKL25Z4.s
      Source file:   Device/Source/system_MKL25Z4.c
      Include file:  Device/Source/system_MKL25Z4.h
Build Time Elapsed:  00:00:02
</pre>
</body>
</html>
